// Jest Snapshot v1, https://goo.gl/fbAQLP

exports[`Should render Expense List Item from list of expenses 1`] = `
<div>
  <NavLink
    className={[Function]}
    end={true}
    to="/edit/1"
  >
    <h3>
      Gum
    </h3>
  </NavLink>
  <p>
    $1.95
     - 
    December 31st, 1969
    , 
    54 years ago
  </p>
</div>
`;
