// Jest Snapshot v1, https://goo.gl/fbAQLP

exports[`Should render header page 1`] = `
<header>
  <h1>
    Expensify
  </h1>
  <NavLink
    className={[Function]}
    end={true}
    to="/"
  >
    Dashboard
  </NavLink>
  <NavLink
    className={[Function]}
    end={true}
    to="/create"
  >
    Create an Expense
  </NavLink>
  <NavLink
    className={[Function]}
    end={true}
    to="/help"
  >
    Help
  </NavLink>
</header>
`;
